<?xml version="1.0" encoding="UTF-8"?>
<testsuites name="jest tests" tests="1" failures="0" errors="0" time="0.614">
  <testsuite name="PrivacyPage" errors="0" failures="0" skipped="0" timestamp="2023-01-25T11:56:50" time="0.337" tests="1">
    <testcase classname="PrivacyPage renders without crashing" name="PrivacyPage renders without crashing" time="0.01">
    </testcase>
  </testsuite>
</testsuites>